   Compiling opencode_poc v0.1.0 (C:\Drive\Cargo\OpenCode_Rs)
warning: unused import: `warn`
 --> src\cache\scan.rs:5:21
  |
5 | use tracing::{info, warn};
  |                     ^^^^
  |
  = note: `#[warn(unused_imports)]` (part of `#[warn(unused)]`) on by default

warning: unused import: `tracing::warn`
 --> src\config.rs:5:5
  |
5 | use tracing::warn;
  |     ^^^^^^^^^^^^^

warning: unused imports: `Context` and `Poll`
 --> src\auth_middleware.rs:7:17
  |
7 | use std::task::{Context, Poll};
  |                 ^^^^^^^  ^^^^

warning: unused import: `HttpResponse`
 --> src\middleware_rate_limit.rs:6:38
  |
6 | use actix_web::{dev::ServiceRequest, HttpResponse, Error};
  |                                      ^^^^^^^^^^^^

warning: unused import: `std::pin::Pin`
  --> src\middleware_rate_limit.rs:10:5
   |
10 | use std::pin::Pin;
   |     ^^^^^^^^^^^^^

warning: unused import: `std::time::Duration`
 --> src\api\files.rs:9:5
  |
9 | use std::time::Duration;
  |     ^^^^^^^^^^^^^^^^^^^

warning: unused import: `std::sync::Arc`
  --> src\api\file_search.rs:14:5
   |
14 | use std::sync::Arc;
   |     ^^^^^^^^^^^^^^

warning: unused import: `chrono::Utc`
 --> src\api\upload_chunks.rs:5:5
  |
5 | use chrono::Utc;
  |     ^^^^^^^^^^^

warning: unused import: `debug`
  --> src\api\sessions.rs:13:15
   |
13 | use tracing::{debug, info, warn};
   |               ^^^^^

warning: unused imports: `SessionData` and `models::Claims`
  --> src\api\sessions.rs:17:5
   |
17 |     models::Claims,
   |     ^^^^^^^^^^^^^^
18 |     cache::session::{SessionData, SessionManager},
   |                      ^^^^^^^^^^^

warning: unused import: `Row`
 --> src\db\migration.rs:1:20
  |
1 | use sqlx::{PgPool, Row};
  |                    ^^^

warning: unused import: `StorageError`
 --> src\storage\multipart.rs:1:13
  |
1 | use super::{StorageError, StorageResult};
  |             ^^^^^^^^^^^^

warning: unused import: `uuid::Uuid`
 --> src\storage\multipart.rs:4:5
  |
4 | use uuid::Uuid;
  |     ^^^^^^^^^^

warning: unused import: `StorageError`
 --> src\storage\failover.rs:1:43
  |
1 | use super::{FileMetadata, StorageBackend, StorageError, StorageResult, StorageUrl};
  |                                           ^^^^^^^^^^^^

warning: unused import: `std::sync::Arc`
 --> src\notifications\channel.rs:2:5
  |
2 | use std::sync::Arc;
  |     ^^^^^^^^^^^^^^

warning: unused import: `tracing::debug`
 --> src\notifications\channel.rs:4:5
  |
4 | use tracing::debug;
  |     ^^^^^^^^^^^^^^

warning: unused import: `info`
 --> src\health_check_integration.rs:6:15
  |
6 | use tracing::{info, warn};
  |               ^^^^

warning: unused imports: `debug` and `warn`
 --> src\event_persistence.rs:5:15
  |
5 | use tracing::{debug, info, warn};
  |               ^^^^^        ^^^^

warning: unused variable: `session_data`
  --> src\auth_middleware.rs:89:48
   |
89 | ...                   Ok(session_data) => {
   |                          ^^^^^^^^^^^^ help: if this is intentional, prefix it with an underscore: `_session_data`
   |
   = note: `#[warn(unused_variables)]` (part of `#[warn(unused)]`) on by default

warning: unused variable: `cache`
   --> src\api\file_search.rs:144:17
    |
144 |     if let Some(ref cache) = app_state.cache {
    |                 ^^^^^^^^^ help: if this is intentional, prefix it with an underscore: `_cache`

warning: unused variable: `cache`
   --> src\api\file_search.rs:161:17
    |
161 |     if let Some(ref cache) = app_state.cache {
    |                 ^^^^^^^^^ help: if this is intentional, prefix it with an underscore: `_cache`

warning: unused variable: `file_id`
   --> src\api\upload_chunks.rs:125:13
    |
125 |     let (_, file_id, total_size, uploaded_size, chunk_size) = session;
    |             ^^^^^^^ help: if this is intentional, prefix it with an underscore: `_file_id`

warning: constant `MAX_FILE_SIZE` is never used
  --> src\api\files.rs:17:7
   |
17 | const MAX_FILE_SIZE: usize = 100 * 1024 * 1024; // Wave 2: 100MB
   |       ^^^^^^^^^^^^^
   |
   = note: `#[warn(dead_code)]` (part of `#[warn(unused)]`) on by default

warning: function `sanitize_filename` is never used
   --> src\api\files.rs:410:4
    |
410 | fn sanitize_filename(filename: &str) -> String {
    |    ^^^^^^^^^^^^^^^^^

warning: fields `session_id` and `chunk_index` are never read
  --> src\api\upload_chunks.rs:32:5
   |
31 | pub struct UploadChunkRequest {
   |            ------------------ fields in this struct
32 |     session_id: String,
   |     ^^^^^^^^^^
33 |     chunk_index: u32,
   |     ^^^^^^^^^^^
   |
   = note: `UploadChunkRequest` has a derived impl for the trait `Debug`, but this is intentionally ignored during dead code analysis

warning: field `region` is never read
 --> src\storage\s3_backend.rs:9:5
  |
6 | pub struct S3StorageBackend {
  |            ---------------- field in this struct
...
9 |     region: String,
  |     ^^^^^^

warning: field `receiver` is never read
  --> src\notifications\channel.rs:16:5
   |
14 | pub struct NotificationChannel {
   |            ------------------- field in this struct
15 |     sender: broadcast::Sender<ChannelMessage>,
16 |     receiver: broadcast::Receiver<ChannelMessage>,
   |     ^^^^^^^^

warning: field `check_interval_ms` is never read
  --> src\production\health_check.rs:50:5
   |
48 | pub struct HealthChecker {
   |            ------------- field in this struct
49 |     components: HashMap<String, ComponentHealth>,
50 |     check_interval_ms: u64,
   |     ^^^^^^^^^^^^^^^^^

warning: field `shutdown_rx` is never read
  --> src\graceful\shutdown.rs:18:5
   |
16 | pub struct GracefulShutdown {
   |            ---------------- field in this struct
17 |     shutdown_tx: broadcast::Sender<ShutdownSignal>,
18 |     shutdown_rx: broadcast::Receiver<ShutdownSignal>,
   |     ^^^^^^^^^^^

warning: use of `async fn` in public traits is discouraged as auto trait bounds cannot be specified
  --> src\storage\multipart.rs:50:5
   |
50 |     async fn init_multipart_upload(
   |     ^^^^^
   |
   = note: you can suppress this lint if you plan to use the trait only in your own code, or do not care about auto traits like `Send` on the `Future`
   = note: `#[warn(async_fn_in_trait)]` on by default
help: you can alternatively desugar to a normal `fn` that returns `impl Future` and add any desired bounds such as `Send`, but these cannot be relaxed without a breaking API change
   |
50 ~     fn init_multipart_upload(
51 |         &self,
52 |         init: MultipartUploadInit,
53 ~     ) -> impl std::future::Future<Output = StorageResult<String>> + Send;
   |

warning: use of `async fn` in public traits is discouraged as auto trait bounds cannot be specified
  --> src\storage\multipart.rs:55:5
   |
55 |     async fn upload_part(
   |     ^^^^^
   |
   = note: you can suppress this lint if you plan to use the trait only in your own code, or do not care about auto traits like `Send` on the `Future`
help: you can alternatively desugar to a normal `fn` that returns `impl Future` and add any desired bounds such as `Send`, but these cannot be relaxed without a breaking API change
   |
55 ~     fn upload_part(
56 |         &self,
...
59 |         data: Bytes,
60 ~     ) -> impl std::future::Future<Output = StorageResult<String>> + Send;
   |

warning: use of `async fn` in public traits is discouraged as auto trait bounds cannot be specified
  --> src\storage\multipart.rs:62:5
   |
62 |     async fn complete_multipart_upload(
   |     ^^^^^
   |
   = note: you can suppress this lint if you plan to use the trait only in your own code, or do not care about auto traits like `Send` on the `Future`
help: you can alternatively desugar to a normal `fn` that returns `impl Future` and add any desired bounds such as `Send`, but these cannot be relaxed without a breaking API change
   |
62 ~     fn complete_multipart_upload(
63 |         &self,
64 |         session_id: &str,
65 |         part_etags: Vec<(u32, String)>,
66 ~     ) -> impl std::future::Future<Output = StorageResult<String>> + Send;
   |

warning: use of `async fn` in public traits is discouraged as auto trait bounds cannot be specified
  --> src\storage\multipart.rs:68:5
   |
68 |     async fn abort_multipart_upload(&self, session_id: &str) -> StorageResult<()>;
   |     ^^^^^
   |
   = note: you can suppress this lint if you plan to use the trait only in your own code, or do not care about auto traits like `Send` on the `Future`
help: you can alternatively desugar to a normal `fn` that returns `impl Future` and add any desired bounds such as `Send`, but these cannot be relaxed without a breaking API change
   |
68 -     async fn abort_multipart_upload(&self, session_id: &str) -> StorageResult<()>;
68 +     fn abort_multipart_upload(&self, session_id: &str) -> impl std::future::Future<Output = StorageResult<()>> + Send;
   |

warning: use of `async fn` in public traits is discouraged as auto trait bounds cannot be specified
  --> src\storage\multipart.rs:70:5
   |
70 |     async fn get_upload_progress(&self, session_id: &str) -> StorageResult<UploadProgress>;
   |     ^^^^^
   |
   = note: you can suppress this lint if you plan to use the trait only in your own code, or do not care about auto traits like `Send` on the `Future`
help: you can alternatively desugar to a normal `fn` that returns `impl Future` and add any desired bounds such as `Send`, but these cannot be relaxed without a breaking API change
   |
70 -     async fn get_upload_progress(&self, session_id: &str) -> StorageResult<UploadProgress>;
70 +     fn get_upload_progress(&self, session_id: &str) -> impl std::future::Future<Output = StorageResult<UploadProgress>> + Send;
   |

warning: use of `async fn` in public traits is discouraged as auto trait bounds cannot be specified
  --> src\storage\multipart.rs:72:5
   |
72 |     async fn list_parts(&self, session_id: &str) -> StorageResult<Vec<ChunkMetadata>>;
   |     ^^^^^
   |
   = note: you can suppress this lint if you plan to use the trait only in your own code, or do not care about auto traits like `Send` on the `Future`
help: you can alternatively desugar to a normal `fn` that returns `impl Future` and add any desired bounds such as `Send`, but these cannot be relaxed without a breaking API change
   |
72 -     async fn list_parts(&self, session_id: &str) -> StorageResult<Vec<ChunkMetadata>>;
72 +     fn list_parts(&self, session_id: &str) -> impl std::future::Future<Output = StorageResult<Vec<ChunkMetadata>>> + Send;
   |

warning: `opencode_poc` (lib) generated 35 warnings (run `cargo fix --lib -p opencode_poc` to apply 22 suggestions)
warning: unused imports: `REDIS_COMMAND_DURATION_SECONDS`, `REDIS_CONNECTIONS_ACTIVE`, and `REDIS_ERRORS_TOTAL`
  --> src\cache\mod.rs:11:43
   |
11 | pub use metrics::{register_redis_metrics, REDIS_CONNECTIONS_ACTIVE, REDIS_COMMAND_DURATION_SECONDS, REDIS_ERRORS_TOTAL};
   |                                           ^^^^^^^^^^^^^^^^^^^^^^^^  ^^^^^^^^^^^^^^^^^^^^^^^^^^^^^^  ^^^^^^^^^^^^^^^^^^

warning: unused imports: `CacheAsideStrategy`, `CacheStrategy`, and `WriteThroughStrategy`
  --> src\cache\mod.rs:12:20
   |
12 | pub use strategy::{CacheStrategy, CacheAsideStrategy, WriteThroughStrategy, CacheTTLConfig};
   |                    ^^^^^^^^^^^^^  ^^^^^^^^^^^^^^^^^^  ^^^^^^^^^^^^^^^^^^^^

warning: unused imports: `CacheInvalidationManager` and `InvalidationPattern`
  --> src\cache\mod.rs:13:24
   |
13 | pub use invalidation::{InvalidationPattern, CacheInvalidationManager};
   |                        ^^^^^^^^^^^^^^^^^^^  ^^^^^^^^^^^^^^^^^^^^^^^^

warning: unused imports: `SessionData` and `SessionManager`
  --> src\cache\mod.rs:14:19
   |
14 | pub use session::{SessionData, SessionManager};
   |                   ^^^^^^^^^^^  ^^^^^^^^^^^^^^

warning: unused import: `scan::RedisScanner`
  --> src\cache\mod.rs:15:9
   |
15 | pub use scan::RedisScanner;
   |         ^^^^^^^^^^^^^^^^^^

warning: unused import: `auth::AuthMiddleware`
 --> src\middleware\mod.rs:6:9
  |
6 | pub use auth::AuthMiddleware;
  |         ^^^^^^^^^^^^^^^^^^^^

warning: unused import: `metrics::MetricsMiddleware`
 --> src\middleware\mod.rs:7:9
  |
7 | pub use metrics::MetricsMiddleware;
  |         ^^^^^^^^^^^^^^^^^^^^^^^^^^

warning: unused import: `s3_cache::S3Cache`
 --> src\middleware\mod.rs:8:9
  |
8 | pub use s3_cache::S3Cache;
  |         ^^^^^^^^^^^^^^^^^

warning: unused import: `DatabaseStats`
 --> src\db\mod.rs:5:96
  |
5 | pub use optimization::{optimize_database, analyze_tables, vacuum_database, get_database_stats, DatabaseStats};
  |                                                                                                ^^^^^^^^^^^^^

warning: unused imports: `MigrationRecord` and `init_database`
 --> src\db\mod.rs:6:21
  |
6 | pub use migration::{init_database, get_migration_history, MigrationRecord};
  |                     ^^^^^^^^^^^^^                         ^^^^^^^^^^^^^^^

warning: unused import: `local_backend::LocalStorageBackend`
  --> src\storage\mod.rs:30:9
   |
30 | pub use local_backend::LocalStorageBackend;
   |         ^^^^^^^^^^^^^^^^^^^^^^^^^^^^^^^^^^

warning: unused import: `s3_backend::S3StorageBackend`
  --> src\storage\mod.rs:31:9
   |
31 | pub use s3_backend::S3StorageBackend;
   |         ^^^^^^^^^^^^^^^^^^^^^^^^^^^^

warning: unused import: `failover::FailoverStorageBackend`
  --> src\storage\mod.rs:32:9
   |
32 | pub use failover::FailoverStorageBackend;
   |         ^^^^^^^^^^^^^^^^^^^^^^^^^^^^^^^^

warning: unused import: `metrics::StorageMetrics`
  --> src\storage\mod.rs:33:9
   |
33 | pub use metrics::StorageMetrics;
   |         ^^^^^^^^^^^^^^^^^^^^^^^

warning: unused imports: `ChunkMetadata`, `MultipartStorageBackend`, `MultipartUploadInit`, `MultipartUploadSession`, and `UploadProgress`
  --> src\storage\mod.rs:35:5
   |
35 |     MultipartStorageBackend, MultipartUploadInit, MultipartUploadSession, ChunkMetadata,
   |     ^^^^^^^^^^^^^^^^^^^^^^^  ^^^^^^^^^^^^^^^^^^^  ^^^^^^^^^^^^^^^^^^^^^^  ^^^^^^^^^^^^^
36 |     UploadProgress,
   |     ^^^^^^^^^^^^^^

warning: variants `Timeout` and `InvalidOperation` are never constructed
  --> src\cache\error.rs:18:5
   |
 4 | pub enum CacheError {
   |          ---------- variants in this enum
...
18 |     Timeout,
   |     ^^^^^^^
...
21 |     InvalidOperation(String),
   |     ^^^^^^^^^^^^^^^^
   |
   = note: `CacheError` has a derived impl for the trait `Debug`, but this is intentionally ignored during dead code analysis
   = note: `#[warn(dead_code)]` (part of `#[warn(unused)]`) on by default

warning: field `config` is never read
  --> src\cache\redis.rs:16:9
   |
14 | pub struct RedisCache {
   |            ---------- field in this struct
15 |     manager: Arc<ConnectionManager>,
16 |     pub config: RedisCacheConfig,
   |         ^^^^^^

warning: field `connection_timeout_ms` is never read
  --> src\cache\redis.rs:23:9
   |
20 | pub struct RedisCacheConfig {
   |            ---------------- field in this struct
...
23 |     pub connection_timeout_ms: u64,
   |         ^^^^^^^^^^^^^^^^^^^^^
   |
   = note: `RedisCacheConfig` has derived impls for the traits `Clone` and `Debug`, but these are intentionally ignored during dead code analysis

warning: methods `scan_keys`, `delete_by_pattern`, and `get_info` are never used
   --> src\cache\redis.rs:204:18
    |
 36 | impl RedisCache {
    | --------------- methods in this implementation
...
204 |     pub async fn scan_keys(&self, pattern: &str) -> CacheResult<Vec<String>> {
    |                  ^^^^^^^^^
...
234 |     pub async fn delete_by_pattern(&self, pattern: &str) -> CacheResult<usize> {
    |                  ^^^^^^^^^^^^^^^^^
...
252 |     pub async fn get_info(&self) -> CacheResult<String> {
    |                  ^^^^^^^^

warning: trait `CacheStrategy` is never used
 --> src\cache\strategy.rs:8:11
  |
8 | pub trait CacheStrategy: Send + Sync {
  |           ^^^^^^^^^^^^^

warning: struct `CacheAsideStrategy` is never constructed
  --> src\cache\strategy.rs:27:12
   |
27 | pub struct CacheAsideStrategy {
   |            ^^^^^^^^^^^^^^^^^^

warning: associated items `new`, `get_or_fetch`, `get`, and `set` are never used
  --> src\cache\strategy.rs:32:12
   |
31 | impl CacheAsideStrategy {
   | ----------------------- associated items in this implementation
32 |     pub fn new(cache: RedisCache) -> Self {
   |            ^^^
...
38 |     pub async fn get_or_fetch<F, T>(
   |                  ^^^^^^^^^^^^
...
78 |     pub async fn get<T: for<'de> Deserialize<'de>>(&self, key: &str) -> CacheResult<Option<T>> {
   |                  ^^^
...
83 |     pub async fn set<T: Serialize>(&self, key: &str, value: &T, ttl: Duration) -> CacheResult<()> {
   |                  ^^^

warning: struct `WriteThroughStrategy` is never constructed
  --> src\cache\strategy.rs:90:12
   |
90 | pub struct WriteThroughStrategy {
   |            ^^^^^^^^^^^^^^^^^^^^

warning: associated items `new`, `set_with_db`, `get`, and `invalidate` are never used
   --> src\cache\strategy.rs:95:12
    |
 94 | impl WriteThroughStrategy {
    | ------------------------- associated items in this implementation
 95 |     pub fn new(cache: RedisCache) -> Self {
    |            ^^^
...
100 |     pub async fn set_with_db<F, T>(
    |                  ^^^^^^^^^^^
...
123 |     pub async fn get<T: for<'de> Deserialize<'de>>(
    |                  ^^^
...
135 |     pub async fn invalidate(&self, key: &str) -> CacheResult<()> {
    |                  ^^^^^^^^^^

warning: fields `search_results` and `session` are never read
   --> src\cache\strategy.rs:147:9
    |
144 | pub struct CacheTTLConfig {
    |            -------------- fields in this struct
...
147 |     pub search_results: Duration,
    |         ^^^^^^^^^^^^^^
148 |     pub session: Duration,
    |         ^^^^^^^
    |
    = note: `CacheTTLConfig` has derived impls for the traits `Clone` and `Debug`, but these are intentionally ignored during dead code analysis

warning: associated items `new`, `search_results`, and `session` are never used
   --> src\cache\strategy.rs:153:12
    |
151 | impl CacheTTLConfig {
    | ------------------- associated items in this implementation
152 |     /// Create new TTL configuration with custom values
153 |     pub fn new(
    |            ^^^
...
178 |     pub fn search_results(&self) -> Duration {
    |            ^^^^^^^^^^^^^^
...
183 |     pub fn session(&self) -> Duration {
    |            ^^^^^^^

warning: struct `InvalidationPattern` is never constructed
 --> src\cache\invalidation.rs:6:12
  |
6 | pub struct InvalidationPattern {
  |            ^^^^^^^^^^^^^^^^^^^

warning: associated functions `file_metadata`, `file_list`, `search_results`, `session`, and `user_data` are never used
  --> src\cache\invalidation.rs:13:12
   |
11 | impl InvalidationPattern {
   | ------------------------ associated functions in this implementation
12 |     /// File metadata invalidation (file:metadata:* or file:{id})
13 |     pub fn file_metadata(file_id: &str) -> Self {
   |            ^^^^^^^^^^^^^
...
21 |     pub fn file_list() -> Self {
   |            ^^^^^^^^^
...
29 |     pub fn search_results() -> Self {
   |            ^^^^^^^^^^^^^^
...
37 |     pub fn session(session_id: &str) -> Self {
   |            ^^^^^^^
...
45 |     pub fn user_data(user_id: &str) -> Self {
   |            ^^^^^^^^^

warning: struct `CacheInvalidationManager` is never constructed
  --> src\cache\invalidation.rs:54:12
   |
54 | pub struct CacheInvalidationManager {
   |            ^^^^^^^^^^^^^^^^^^^^^^^^

warning: multiple associated items are never used
   --> src\cache\invalidation.rs:59:12
    |
 58 | impl CacheInvalidationManager {
    | ----------------------------- associated items in this implementation
 59 |     pub fn new(cache: RedisCache) -> Self {
    |            ^^^
...
 64 |     pub async fn invalidate_key(&self, key: &str) -> CacheResult<()> {
    |                  ^^^^^^^^^^^^^^
...
 70 |     pub async fn invalidate_pattern(&self, pattern: &InvalidationPattern) -> CacheResult<()> {
    |                  ^^^^^^^^^^^^^^^^^^
...
 90 |     pub async fn invalidate_on_file_upload(&self) -> CacheResult<()> {
    |                  ^^^^^^^^^^^^^^^^^^^^^^^^^
...
101 |     pub async fn invalidate_on_file_delete(&self, file_id: &str) -> CacheResult<()> {
    |                  ^^^^^^^^^^^^^^^^^^^^^^^^^
...
113 |     pub async fn invalidate_on_logout(&self, user_id: &str) -> CacheResult<()> {
    |                  ^^^^^^^^^^^^^^^^^^^^
...
122 |     pub async fn invalidate_patterns(&self, patterns: Vec<InvalidationPattern>) -> CacheResult<()> {
    |                  ^^^^^^^^^^^^^^^^^^^

warning: function `pattern_matches` is never used
   --> src\cache\invalidation.rs:134:4
    |
134 | fn pattern_matches(key: &str, pattern: &str) -> bool {
    |    ^^^^^^^^^^^^^^^

warning: methods `get_session_info` and `check_permission` are never used
   --> src\cache\session.rs:150:18
    |
 48 | impl SessionManager {
    | ------------------- methods in this implementation
...
150 |     pub async fn get_session_info(&self, token: &str) -> CacheResult<Option<String>> {
    |                  ^^^^^^^^^^^^^^^^
...
166 |     pub async fn check_permission(
    |                  ^^^^^^^^^^^^^^^^

warning: struct `RedisScanner` is never constructed
 --> src\cache\scan.rs:7:12
  |
7 | pub struct RedisScanner {
  |            ^^^^^^^^^^^^

warning: associated items `new`, `scan_keys`, `delete_by_pattern`, `invalidate_file_caches`, and `invalidate_user_sessions` are never used
   --> src\cache\scan.rs:12:12
    |
 11 | impl RedisScanner {
    | ----------------- associated items in this implementation
 12 |     pub fn new(conn: MultiplexedConnection) -> Self {
    |            ^^^
...
 17 |     pub async fn scan_keys(
    |                  ^^^^^^^^^
...
 61 |     pub async fn delete_by_pattern(
    |                  ^^^^^^^^^^^^^^^^^
...
 84 |     pub async fn invalidate_file_caches(&mut self) -> Result<usize, RedisError> {
    |                  ^^^^^^^^^^^^^^^^^^^^^^
...
100 |     pub async fn invalidate_user_sessions(
    |                  ^^^^^^^^^^^^^^^^^^^^^^^^

warning: struct `FileUploadResponse` is never constructed
  --> src\models.rs:24:12
   |
24 | pub struct FileUploadResponse {
   |            ^^^^^^^^^^^^^^^^^^

warning: struct `PresignedPutRequest` is never constructed
  --> src\models.rs:62:12
   |
62 | pub struct PresignedPutRequest {
   |            ^^^^^^^^^^^^^^^^^^^

warning: struct `PresignedGetRequest` is never constructed
  --> src\models.rs:71:12
   |
71 | pub struct PresignedGetRequest {
   |            ^^^^^^^^^^^^^^^^^^^

warning: struct `PresignedUrlResponse` is never constructed
  --> src\models.rs:78:12
   |
78 | pub struct PresignedUrlResponse {
   |            ^^^^^^^^^^^^^^^^^^^^

warning: struct `PresignedUrlError` is never constructed
  --> src\models.rs:86:12
   |
86 | pub struct PresignedUrlError {
   |            ^^^^^^^^^^^^^^^^^

warning: struct `FileMetadataRegisterRequest` is never constructed
 --> src\models\file_metadata.rs:4:12
  |
4 | pub struct FileMetadataRegisterRequest {
  |            ^^^^^^^^^^^^^^^^^^^^^^^^^^^

warning: struct `FileMetadataResponse` is never constructed
  --> src\models\file_metadata.rs:15:12
   |
15 | pub struct FileMetadataResponse {
   |            ^^^^^^^^^^^^^^^^^^^^

warning: struct `S3UploadCompleteRequest` is never constructed
  --> src\models\file_metadata.rs:30:12
   |
30 | pub struct S3UploadCompleteRequest {
   |            ^^^^^^^^^^^^^^^^^^^^^^^

warning: struct `RateLimitConfig` is never constructed
  --> src\middleware_rate_limit.rs:16:12
   |
16 | pub struct RateLimitConfig {
   |            ^^^^^^^^^^^^^^^

warning: struct `ClientState` is never constructed
  --> src\middleware_rate_limit.rs:33:8
   |
33 | struct ClientState {
   |        ^^^^^^^^^^^

warning: struct `RateLimiter` is never constructed
  --> src\middleware_rate_limit.rs:38:12
   |
38 | pub struct RateLimiter {
   |            ^^^^^^^^^^^

warning: associated items `new` and `check` are never used
  --> src\middleware_rate_limit.rs:44:12
   |
43 | impl RateLimiter {
   | ---------------- associated items in this implementation
44 |     pub fn new(config: RateLimitConfig) -> Self {
   |            ^^^
...
51 |     pub async fn check(&self, client_ip: IpAddr) -> Result<(), AppError> {
   |                  ^^^^^

warning: struct `RateLimitMiddleware` is never constructed
  --> src\middleware_rate_limit.rs:86:12
   |
86 | pub struct RateLimitMiddleware {
   |            ^^^^^^^^^^^^^^^^^^^

warning: associated function `new` is never used
  --> src\middleware_rate_limit.rs:91:12
   |
90 | impl RateLimitMiddleware {
   | ------------------------ associated function in this implementation
91 |     pub fn new(config: RateLimitConfig) -> Self {
   |            ^^^

warning: struct `RateLimitMiddlewareService` is never constructed
   --> src\middleware_rate_limit.rs:118:12
    |
118 | pub struct RateLimitMiddlewareService<S> {
    |            ^^^^^^^^^^^^^^^^^^^^^^^^^^

warning: constant `JWT_SECRET` is never used
  --> src\middleware\auth.rs:11:7
   |
11 | const JWT_SECRET: &str = "test_secret_key_for_poc_verification";
   |       ^^^^^^^^^^

warning: struct `AuthMiddleware` is never constructed
  --> src\middleware\auth.rs:13:12
   |
13 | pub struct AuthMiddleware;
   |            ^^^^^^^^^^^^^^

warning: struct `AuthMiddlewareService` is never constructed
  --> src\middleware\auth.rs:34:12
   |
34 | pub struct AuthMiddlewareService<S> {
   |            ^^^^^^^^^^^^^^^^^^^^^

warning: function `verify_jwt` is never used
  --> src\middleware\auth.rs:96:4
   |
96 | fn verify_jwt(token: &str) -> Result<Claims, AppError> {
   |    ^^^^^^^^^^

warning: struct `S3CacheEntry` is never constructed
 --> src\middleware\s3_cache.rs:7:12
  |
7 | pub struct S3CacheEntry {
  |            ^^^^^^^^^^^^

warning: struct `S3Cache` is never constructed
  --> src\middleware\s3_cache.rs:14:12
   |
14 | pub struct S3Cache {
   |            ^^^^^^^

warning: associated items `new`, `get`, `set`, `invalidate`, `clear`, and `size` are never used
  --> src\middleware\s3_cache.rs:20:12
   |
19 | impl S3Cache {
   | ------------ associated items in this implementation
20 |     pub fn new(ttl_seconds: i64) -> Self {
   |            ^^^
...
27 |     pub async fn get(&self, key: &str) -> Option<S3CacheEntry> {
   |                  ^^^
...
37 |     pub async fn set(&self, key: String, etag: String) {
   |                  ^^^
...
52 |     pub async fn invalidate(&self, key: &str) {
   |                  ^^^^^^^^^^
...
57 |     pub async fn clear(&self) {
   |                  ^^^^^
...
62 |     pub async fn size(&self) -> usize {
   |                  ^^^^

warning: constant `MAX_FILE_SIZE` is never used
  --> src\api\files.rs:17:7
   |
17 | const MAX_FILE_SIZE: usize = 100 * 1024 * 1024; // Wave 2: 100MB
   |       ^^^^^^^^^^^^^

warning: function `invalidate_search_cache` is never used
   --> src\api\file_search.rs:141:14
    |
141 | pub async fn invalidate_search_cache(
    |              ^^^^^^^^^^^^^^^^^^^^^^^

warning: function `invalidate_user_search_cache` is never used
   --> src\api\file_search.rs:157:14
    |
157 | pub async fn invalidate_user_search_cache(
    |              ^^^^^^^^^^^^^^^^^^^^^^^^^^^^

warning: struct `UploadChunkRequest` is never constructed
  --> src\api\upload_chunks.rs:31:12
   |
31 | pub struct UploadChunkRequest {
   |            ^^^^^^^^^^^^^^^^^^

warning: struct `CacheIntegration` is never constructed
 --> src\api\cache_integration.rs:7:12
  |
7 | pub struct CacheIntegration {
  |            ^^^^^^^^^^^^^^^^

warning: associated items `new`, `get_or_fetch`, `invalidate_patterns`, `invalidate_key`, and `get_cache_info` are never used
  --> src\api\cache_integration.rs:12:12
   |
11 | impl CacheIntegration {
   | --------------------- associated items in this implementation
12 |     pub fn new(cache: Option<RedisCache>) -> Self {
   |            ^^^
...
17 |     pub async fn get_or_fetch<T, F>(
   |                  ^^^^^^^^^^^^
...
57 |     pub async fn invalidate_patterns(&self, patterns: Vec<&str>) -> CacheResult<()> {
   |                  ^^^^^^^^^^^^^^^^^^^
...
69 |     pub async fn invalidate_key(&self, key: &str) -> CacheResult<()> {
   |                  ^^^^^^^^^^^^^^
...
79 |     pub async fn get_cache_info(&self) -> CacheResult<Option<String>> {
   |                  ^^^^^^^^^^^^^^

warning: function `file_metadata` is never used
  --> src\api\cache_integration.rs:93:12
   |
93 |     pub fn file_metadata(file_id: &str) -> String {
   |            ^^^^^^^^^^^^^

warning: function `file_list` is never used
  --> src\api\cache_integration.rs:98:12
   |
98 |     pub fn file_list(page: u32, per_page: u32) -> String {
   |            ^^^^^^^^^

warning: function `search_results` is never used
   --> src\api\cache_integration.rs:103:12
    |
103 |     pub fn search_results(query_hash: &str) -> String {
    |            ^^^^^^^^^^^^^^

warning: function `file_stats` is never used
   --> src\api\cache_integration.rs:108:12
    |
108 |     pub fn file_stats() -> String {
    |            ^^^^^^^^^^

warning: function `query_hash` is never used
   --> src\api\cache_integration.rs:113:12
    |
113 |     pub fn query_hash(query: &str) -> String {
    |            ^^^^^^^^^^

warning: function `on_file_upload` is never used
   --> src\api\cache_integration.rs:124:12
    |
124 |     pub fn on_file_upload() -> Vec<&'static str> {
    |            ^^^^^^^^^^^^^^

warning: function `on_file_delete` is never used
   --> src\api\cache_integration.rs:129:12
    |
129 |     pub fn on_file_delete(file_id: &str) -> Vec<String> {
    |            ^^^^^^^^^^^^^^

warning: function `on_search_filter_change` is never used
   --> src\api\cache_integration.rs:139:12
    |
139 |     pub fn on_search_filter_change() -> Vec<&'static str> {
    |            ^^^^^^^^^^^^^^^^^^^^^^^

warning: function `file_metadata` is never used
   --> src\api\cache_integration.rs:148:12
    |
148 |     pub fn file_metadata() -> Duration {
    |            ^^^^^^^^^^^^^

warning: function `file_list` is never used
   --> src\api\cache_integration.rs:152:12
    |
152 |     pub fn file_list() -> Duration {
    |            ^^^^^^^^^

warning: function `search_results` is never used
   --> src\api\cache_integration.rs:156:12
    |
156 |     pub fn search_results() -> Duration {
    |            ^^^^^^^^^^^^^^

warning: function `file_stats` is never used
   --> src\api\cache_integration.rs:160:12
    |
160 |     pub fn file_stats() -> Duration {
    |            ^^^^^^^^^^

warning: struct `ValidateSessionRequest` is never constructed
  --> src\api\sessions.rs:24:12
   |
24 | pub struct ValidateSessionRequest {
   |            ^^^^^^^^^^^^^^^^^^^^^^

warning: function `init_database` is never used
 --> src\db\migration.rs:5:14
  |
5 | pub async fn init_database(pool: &PgPool) -> Result<(), Box<dyn std::error::Error>> {
  |              ^^^^^^^^^^^^^

warning: function `create_migration_history_table` is never used
  --> src\db\migration.rs:13:10
   |
13 | async fn create_migration_history_table(pool: &PgPool) -> Result<(), sqlx::Error> {
   |          ^^^^^^^^^^^^^^^^^^^^^^^^^^^^^^

warning: function `run_all_migrations` is never used
  --> src\db\migration.rs:32:10
   |
32 | async fn run_all_migrations(pool: &PgPool) -> Result<(), sqlx::Error> {
   |          ^^^^^^^^^^^^^^^^^^

warning: function `migration_exists` is never used
  --> src\db\migration.rs:67:10
   |
67 | async fn migration_exists(pool: &PgPool, version: i32) -> Result<bool, sqlx::Error> {
   |          ^^^^^^^^^^^^^^^^

warning: associated function `create_migration` is never used
  --> src\db\cli.rs:10:12
   |
 7 | impl MigrationCli {
   | ----------------- associated function in this implementation
...
10 |     pub fn create_migration(name: &str) -> Result<(), Box<dyn std::error::Error>> {
   |            ^^^^^^^^^^^^^^^^

warning: fields `content_type`, `size`, and `user_id` are never read
  --> src\storage\mod.rs:42:9
   |
40 | pub struct FileMetadata {
   |            ------------ fields in this struct
41 |     pub filename: String,
42 |     pub content_type: String,
   |         ^^^^^^^^^^^^
43 |     pub size: usize,
   |         ^^^^
44 |     pub user_id: Uuid,
   |         ^^^^^^^
   |
   = note: `FileMetadata` has derived impls for the traits `Debug` and `Clone`, but these are intentionally ignored during dead code analysis

warning: field `expires_at` is never read
  --> src\storage\mod.rs:50:9
   |
48 | pub struct StorageUrl {
   |            ---------- field in this struct
49 |     pub url: String,
50 |     pub expires_at: Option<i64>,
   |         ^^^^^^^^^^
   |
   = note: `StorageUrl` has derived impls for the traits `Debug` and `Clone`, but these are intentionally ignored during dead code analysis

warning: methods `exists` and `health_check` are never used
  --> src\storage\mod.rs:71:14
   |
60 | pub trait StorageBackend: Send + Sync {
   |           -------------- methods in this trait
...
71 |     async fn exists(&self, id: &str) -> StorageResult<bool>;
   |              ^^^^^^
72 |
73 |     async fn health_check(&self) -> StorageResult<()>;
   |              ^^^^^^^^^^^^

warning: variants `S3Error`, `InvalidConfig`, `HealthCheckFailed`, and `SerializationError` are never constructed
  --> src\storage\error.rs:6:5
   |
 4 | pub enum StorageError {
   |          ------------ variants in this enum
 5 |     #[error("S3 error: {0}")]
 6 |     S3Error(String),
   |     ^^^^^^^
...
15 |     InvalidConfig(String),
   |     ^^^^^^^^^^^^^
...
18 |     HealthCheckFailed(String),
   |     ^^^^^^^^^^^^^^^^^
...
21 |     SerializationError(String),
   |     ^^^^^^^^^^^^^^^^^^
   |
   = note: `StorageError` has a derived impl for the trait `Debug`, but this is intentionally ignored during dead code analysis

warning: struct `S3StorageBackend` is never constructed
 --> src\storage\s3_backend.rs:6:12
  |
6 | pub struct S3StorageBackend {
  |            ^^^^^^^^^^^^^^^^

warning: associated items `new` and `get_object_key` are never used
  --> src\storage\s3_backend.rs:13:18
   |
12 | impl S3StorageBackend {
   | --------------------- associated items in this implementation
13 |     pub async fn new(
   |                  ^^^
...
36 |     fn get_object_key(&self, filename: &str) -> String {
   |        ^^^^^^^^^^^^^^

warning: type alias `AppResult` is never used
  --> src\storage\s3_client.rs:15:6
   |
15 | type AppResult<T> = Result<T, AppError>;
   |      ^^^^^^^^^

warning: struct `S3Client` is never constructed
  --> src\storage\s3_client.rs:18:12
   |
18 | pub struct S3Client {
   |            ^^^^^^^^

warning: multiple associated items are never used
   --> src\storage\s3_client.rs:25:18
    |
 24 | impl S3Client {
    | ------------- associated items in this implementation
 25 |     pub async fn new(settings: &Settings) -> AppResult<Self> {
    |                  ^^^
...
 64 |     async fn ensure_bucket_exists(client: &Client, bucket: &str) -> AppResult<()> {
    |              ^^^^^^^^^^^^^^^^^^^^
...
 87 |     pub async fn upload_object(
    |                  ^^^^^^^^^^^^^
...
118 |     pub async fn download_object(&self, key: &str) -> AppResult<Vec<u8>> {
    |                  ^^^^^^^^^^^^^^^
...
140 |     pub async fn delete_object(&self, key: &str) -> AppResult<()> {
    |                  ^^^^^^^^^^^^^
...
157 |     pub async fn head_object(&self, key: &str) -> AppResult<HeadObjectOutput> {
    |                  ^^^^^^^^^^^
...
175 |     pub async fn generate_presigned_put_url(
    |                  ^^^^^^^^^^^^^^^^^^^^^^^^^^
...
206 |     pub async fn generate_presigned_get_url(
    |                  ^^^^^^^^^^^^^^^^^^^^^^^^^^
...
230 |     pub async fn initiate_multipart_upload(&self, key: &str) -> AppResult<String> {
    |                  ^^^^^^^^^^^^^^^^^^^^^^^^^
...
250 |     pub async fn upload_part(
    |                  ^^^^^^^^^^^
...
281 |     pub async fn complete_multipart_upload(
    |                  ^^^^^^^^^^^^^^^^^^^^^^^^^
...
312 |     pub fn public_url(&self, key: &str) -> String {
    |            ^^^^^^^^^^
...
317 |     pub fn bucket(&self) -> &str {
    |            ^^^^^^
...
322 |     pub async fn upload_large_file_optimized(
    |                  ^^^^^^^^^^^^^^^^^^^^^^^^^^^
...
341 |     async fn multipart_upload_optimized(
    |              ^^^^^^^^^^^^^^^^^^^^^^^^^^
...
366 |     pub fn cache_key_for_etag(key: &str) -> String {
    |            ^^^^^^^^^^^^^^^^^^

warning: struct `MultipartUploadSession` is never constructed
 --> src\storage\multipart.rs:7:12
  |
7 | pub struct MultipartUploadSession {
  |            ^^^^^^^^^^^^^^^^^^^^^^

warning: struct `ChunkMetadata` is never constructed
  --> src\storage\multipart.rs:16:12
   |
16 | pub struct ChunkMetadata {
   |            ^^^^^^^^^^^^^

warning: struct `MultipartUploadInit` is never constructed
  --> src\storage\multipart.rs:23:12
   |
23 | pub struct MultipartUploadInit {
   |            ^^^^^^^^^^^^^^^^^^^

warning: struct `UploadProgress` is never constructed
  --> src\storage\multipart.rs:31:12
   |
31 | pub struct UploadProgress {
   |            ^^^^^^^^^^^^^^

warning: method `percentage` is never used
  --> src\storage\multipart.rs:40:12
   |
39 | impl UploadProgress {
   | ------------------- method in this implementation
40 |     pub fn percentage(&self) -> f64 {
   |            ^^^^^^^^^^

warning: trait `MultipartStorageBackend` is never used
  --> src\storage\multipart.rs:49:11
   |
49 | pub trait MultipartStorageBackend: Send + Sync {
   |           ^^^^^^^^^^^^^^^^^^^^^^^

warning: struct `FailoverStorageBackend` is never constructed
 --> src\storage\failover.rs:6:12
  |
6 | pub struct FailoverStorageBackend {
  |            ^^^^^^^^^^^^^^^^^^^^^^

warning: associated function `new` is never used
  --> src\storage\failover.rs:12:12
   |
11 | impl FailoverStorageBackend {
   | --------------------------- associated function in this implementation
12 |     pub fn new(
   |            ^^^

warning: struct `StorageMetrics` is never constructed
  --> src\storage\metrics.rs:24:12
   |
24 | pub struct StorageMetrics {
   |            ^^^^^^^^^^^^^^

warning: associated items `new`, `record_upload`, `record_download`, `record_error`, and `error_rate` are never used
  --> src\storage\metrics.rs:33:12
   |
32 | impl StorageMetrics {
   | ------------------- associated items in this implementation
33 |     pub fn new() -> Self {
   |            ^^^
...
43 |     pub fn record_upload(&mut self, bytes: u64, latency_ms: f64) {
   |            ^^^^^^^^^^^^^
...
50 |     pub fn record_download(&mut self, bytes: u64, latency_ms: f64) {
   |            ^^^^^^^^^^^^^^^
...
57 |     pub fn record_error(&mut self) {
   |            ^^^^^^^^^^^^
...
62 |     pub fn error_rate(&self) -> f64 {
   |            ^^^^^^^^^^

warning: function `is_valid_uuid` is never used
   --> src\validation.rs:126:8
    |
126 | pub fn is_valid_uuid(s: &str) -> bool {
    |        ^^^^^^^^^^^^^

warning: function `validate_page` is never used
   --> src\validation.rs:141:8
    |
141 | pub fn validate_page(page: Option<u32>) -> u32 {
    |        ^^^^^^^^^^^^^

warning: function `validate_per_page` is never used
   --> src\validation.rs:146:8
    |
146 | pub fn validate_per_page(per_page: Option<u32>) -> u32 {
    |        ^^^^^^^^^^^^^^^^^

warning: function `validate_content_length` is never used
   --> src\validation.rs:152:8
    |
152 | pub fn validate_content_length(content_length: Option<u64>, max_bytes: usize) -> AppResult<()> {
    |        ^^^^^^^^^^^^^^^^^^^^^^^

warning: `opencode_poc` (bin "opencode_poc") generated 122 warnings (19 duplicates) (run `cargo fix --bin "opencode_poc" -p opencode_poc` to apply 15 suggestions)
    Finished `dev` profile [unoptimized + debuginfo] target(s) in 47.50s
warning: the following packages contain code that will be rejected by a future version of Rust: sqlx-postgres v0.7.4
note: to see what the problems were, use the option `--future-incompat-report`, or run `cargo report future-incompatibilities --id 1`
